2026-09-14T23:01:12Z INF Thank you for trying Cloudflare Tunnel. Doing so, without a Cloudflare account, is a quick way to experiment and try it out. However, be aware that these account-less Tunnels have no uptime guarantee, are subject to the Cloudflare Online Services Terms of Use (https://www.cloudflare.com/website-terms/), and Cloudflare reserves the right to investigate your use of Tunnels for violations of such terms. If you intend to use Tunnels in production you should use a pre-created named tunnel by following: https://developers.cloudflare.com/cloudflare-one/connections/connect-apps
2026-09-14T23:01:12Z INF Requesting new quick Tunnel on trycloudflare.com...
2026-09-14T23:01:18Z INF +--------------------------------------------------------------------------------------------+
2026-09-14T23:01:18Z INF |  Your quick Tunnel has been created! Visit it at (it may take some time to be reachable):  |
2026-09-14T23:01:18Z INF |  https://alone-legislative-sense-port.trycloudflare.com                                    |
2026-09-14T23:01:18Z INF +--------------------------------------------------------------------------------------------+
2026-09-14T23:01:18Z INF Cannot determine default configuration path. No file [config.yml config.yaml] in [~/.cloudflared ~/.cloudflare-warp ~/cloudflare-warp /etc/cloudflared /usr/local/etc/cloudflared]
2026-09-14T23:01:18Z INF Version 2026.8.1 (Checksum 98d8eadbfdf8c7ec994e08260599c9be991e7833c746f98692b18bdf71c9b9dc)
2026-09-14T23:01:18Z INF GOOS: linux, GOVersion: go1.26.4, GoArch: amd64
2026-09-14T23:01:18Z INF Settings: map[ha-connections:1 no-autoupdate:true protocol:quic url:http://127.0.0.1:8741]
2026-09-14T23:01:18Z INF Generated Connector ID: 57719043-c6bc-4cf8-a4b6-ffb289007430
2026-09-14T23:01:18Z INF Initial protocol quic
2026-09-14T23:01:18Z INF ICMP proxy will use 65.109.111.230 as source for IPv4
2026-09-14T23:01:18Z INF ICMP proxy will use 2a01:4f9:3051:3e2b::2 in zone enp5s0 as source for IPv6
2026-09-14T23:01:18Z WRN The user running cloudflared process has a GID (group ID) that is not within ping_group_range. You might need to add that user to a group within that range, or instead update the range to encompass a group the user is already in by modifying /proc/sys/net/ipv4/ping_group_range. Otherwise cloudflared will not be able to ping this network error="Group ID 1000 is not between ping group 1 to 0"
2026-09-14T23:01:18Z WRN ICMP proxy feature is disabled error="cannot create ICMPv4 proxy: Group ID 1000 is not between ping group 1 to 0 nor ICMPv6 proxy: socket: permission denied"
2026/09/14 23:01:18 failed to sufficiently increase receive buffer size (was: 208 kiB, wanted: 7168 kiB, got: 416 kiB). See https://github.com/quic-go/quic-go/wiki/UDP-Buffer-Sizes for details.
2026-09-14T23:01:18Z INF ICMP proxy will use 65.109.111.230 as source for IPv4
2026-09-14T23:01:18Z INF ICMP proxy will use 2a01:4f9:3051:3e2b::2 in zone enp5s0 as source for IPv6
2026-09-14T23:01:18Z INF Starting metrics server on 127.0.0.1:37541/metrics
2026-09-14T23:01:18Z INF Tunnel connection curve preferences: [X25519MLKEM768 CurveID(65074) CurveP256] connIndex=0 event=0 ip=2606:4700:a0::1
2026-09-14T23:01:18Z INF +-------------------------------------------------------------------------------------+
2026-09-14T23:01:18Z INF |                               CONNECTIVITY PRE-CHECKS                               |
2026-09-14T23:01:18Z INF +-------------------------------------------------------------------------------------+
2026-09-14T23:01:18Z INF |  COMPONENT         TARGET                     STATUS  DETAILS                       |
2026-09-14T23:01:18Z INF |  DNS Resolution    region1.v2.argotunnel.com  PASS    DNS Resolved successfully     |
2026-09-14T23:01:18Z INF |  DNS Resolution    region2.v2.argotunnel.com  PASS    DNS Resolved successfully     |
2026-09-14T23:01:18Z INF |  UDP Connectivity  region1.v2.argotunnel.com  PASS    QUIC connection successful    |
2026-09-14T23:01:18Z INF |  UDP Connectivity  region2.v2.argotunnel.com  PASS    QUIC connection successful    |
2026-09-14T23:01:18Z INF |  TCP Connectivity  region1.v2.argotunnel.com  PASS    HTTP/2 connection successful  |
2026-09-14T23:01:18Z INF |  TCP Connectivity  region2.v2.argotunnel.com  PASS    HTTP/2 connection successful  |
2026-09-14T23:01:18Z INF |  Cloudflare API    api.cloudflare.com:443     PASS    API is reachable              |
2026-09-14T23:01:18Z INF |                                                                                     |
2026-09-14T23:01:18Z INF |  SUMMARY: Environment is healthy. cloudflared will use 'quic' as primary protocol.  |
2026-09-14T23:01:18Z INF +-------------------------------------------------------------------------------------+
2026-09-14T23:01:18Z INF precheck component="DNS Resolution" details="DNS Resolved successfully" run_id=db527348-b6d6-4fef-9857-b887f4ba2f86 status=pass target=region1.v2.argotunnel.com
2026-09-14T23:01:18Z INF precheck component="DNS Resolution" details="DNS Resolved successfully" run_id=db527348-b6d6-4fef-9857-b887f4ba2f86 status=pass target=region2.v2.argotunnel.com
2026-09-14T23:01:18Z INF precheck component="UDP Connectivity" details="QUIC connection successful" run_id=db527348-b6d6-4fef-9857-b887f4ba2f86 status=pass target=region1.v2.argotunnel.com
2026-09-14T23:01:18Z INF precheck component="UDP Connectivity" details="QUIC connection successful" run_id=db527348-b6d6-4fef-9857-b887f4ba2f86 status=pass target=region2.v2.argotunnel.com
2026-09-14T23:01:18Z INF precheck component="TCP Connectivity" details="HTTP/2 connection successful" run_id=db527348-b6d6-4fef-9857-b887f4ba2f86 status=pass target=region1.v2.argotunnel.com
2026-09-14T23:01:18Z INF precheck component="TCP Connectivity" details="HTTP/2 connection successful" run_id=db527348-b6d6-4fef-9857-b887f4ba2f86 status=pass target=region2.v2.argotunnel.com
2026-09-14T23:01:18Z INF precheck component="Cloudflare API" details="API is reachable" run_id=db527348-b6d6-4fef-9857-b887f4ba2f86 status=pass target=api.cloudflare.com:443
2026-09-14T23:01:18Z INF precheck complete hard_fail=false run_id=db527348-b6d6-4fef-9857-b887f4ba2f86 suggested_protocol=quic
2026-09-14T23:01:18Z INF Registered tunnel connection connIndex=0 connection=53e9a491-311d-4ba5-8447-b696e2000a26 event=0 ip=2606:4700:a0::1 location=dme05 protocol=quic
